Archive member included to satisfy reference by file (symbol)

/usr/lib/gcc/avr/4.9.2/avr5/libgcc.a(_udivmodsi4.o)
                              hardware/AFSK.o (__udivmodsi4)
/usr/lib/gcc/avr/4.9.2/avr5/libgcc.a(_exit.o)
                              /usr/lib/gcc/avr/4.9.2/../../../avr/lib/avr5/crtatmega328.o (exit)
/usr/lib/gcc/avr/4.9.2/avr5/libgcc.a(_copy_data.o)
                              main.o (__do_copy_data)
/usr/lib/gcc/avr/4.9.2/avr5/libgcc.a(_clear_bss.o)
                              main.o (__do_clear_bss)
/usr/lib/gcc/avr/4.9.2/avr5/libgcc.a(_umulhisi3.o)
                              protocol/KISS.o (__umulhisi3)
/usr/lib/gcc/avr/4.9.2/avr5/libgcc.a(_muluhisi3.o)
                              hardware/AFSK.o (__muluhisi3)
/usr/lib/gcc/avr/4.9.2/../../../avr/lib/avr5/libc.a(rand.o)
                              protocol/KISS.o (rand)
/usr/lib/gcc/avr/4.9.2/../../../avr/lib/avr5/libc.a(fgetc.o)
                              protocol/AX25.o (fgetc)
/usr/lib/gcc/avr/4.9.2/../../../avr/lib/avr5/libc.a(fputc.o)
                              protocol/AX25.o (fputc)
/usr/lib/gcc/avr/4.9.2/../../../avr/lib/avr5/libc.a(iob.o)
                              main.o (__iob)
/usr/lib/gcc/avr/4.9.2/avr5/libgcc.a(_divmodsi4.o)
                              /usr/lib/gcc/avr/4.9.2/../../../avr/lib/avr5/libc.a(rand.o) (__divmodsi4)
/usr/lib/gcc/avr/4.9.2/avr5/libgcc.a(_negsi2.o)
                              /usr/lib/gcc/avr/4.9.2/avr5/libgcc.a(_divmodsi4.o) (__negsi2)
/usr/lib/gcc/avr/4.9.2/avr5/libgcc.a(_mulshisi3.o)
                              /usr/lib/gcc/avr/4.9.2/../../../avr/lib/avr5/libc.a(rand.o) (__mulohisi3)

Allocating common symbols
Common symbol       size              file

modem               0xca              main.o
_clock              0x4               main.o
serial              0xe               main.o
ESCAPE              0x1               protocol/KISS.o
ax25ctx             0x2               protocol/KISS.o
AFSK_modem          0x2               hardware/AFSK.o
channel             0x2               protocol/KISS.o
IN_FRAME            0x1               protocol/KISS.o
AX25                0x324             main.o
frame_len           0x2               protocol/KISS.o
__iob               0x6               /usr/lib/gcc/avr/4.9.2/../../../avr/lib/avr5/libc.a(iob.o)

Memory Configuration

Name             Origin             Length             Attributes
text             0x00000000         0x00020000         xr
data             0x00800060         0x0000ffa0         rw !x
eeprom           0x00810000         0x00010000         rw !x
fuse             0x00820000         0x00000400         rw !x
lock             0x00830000         0x00000400         rw !x
signature        0x00840000         0x00000400         rw !x
user_signatures  0x00850000         0x00000400         rw !x
*default*        0x00000000         0xffffffff

Linker script and memory map

Address of section .data set to 0x800100
LOAD /usr/lib/gcc/avr/4.9.2/../../../avr/lib/avr5/crtatmega328.o
LOAD main.o
LOAD hardware/Serial.o
LOAD hardware/AFSK.o
LOAD util/CRC-CCIT.o
LOAD protocol/AX25.o
LOAD protocol/KISS.o
LOAD protocol/SimpleSerial.o
LOAD hardware/softuart.o
LOAD /usr/lib/gcc/avr/4.9.2/../../../avr/lib/avr5/libm.a
START GROUP
LOAD /usr/lib/gcc/avr/4.9.2/avr5/libgcc.a
LOAD /usr/lib/gcc/avr/4.9.2/../../../avr/lib/avr5/libm.a
LOAD /usr/lib/gcc/avr/4.9.2/../../../avr/lib/avr5/libc.a
LOAD /usr/lib/gcc/avr/4.9.2/../../../avr/lib/avr5/libatmega328.a
END GROUP
                0x00020000                __TEXT_REGION_LENGTH__ = DEFINED (__TEXT_REGION_LENGTH__)?__TEXT_REGION_LENGTH__:0x20000
                0x0000ffa0                __DATA_REGION_LENGTH__ = DEFINED (__DATA_REGION_LENGTH__)?__DATA_REGION_LENGTH__:0xffa0
                0x00010000                __EEPROM_REGION_LENGTH__ = DEFINED (__EEPROM_REGION_LENGTH__)?__EEPROM_REGION_LENGTH__:0x10000
                0x00000400                __FUSE_REGION_LENGTH__ = DEFINED (__FUSE_REGION_LENGTH__)?__FUSE_REGION_LENGTH__:0x400
                0x00000400                __LOCK_REGION_LENGTH__ = DEFINED (__LOCK_REGION_LENGTH__)?__LOCK_REGION_LENGTH__:0x400
                0x00000400                __SIGNATURE_REGION_LENGTH__ = DEFINED (__SIGNATURE_REGION_LENGTH__)?__SIGNATURE_REGION_LENGTH__:0x400
                0x00000400                __USER_SIGNATURE_REGION_LENGTH__ = DEFINED (__USER_SIGNATURE_REGION_LENGTH__)?__USER_SIGNATURE_REGION_LENGTH__:0x400

.hash
 *(.hash)

.dynsym
 *(.dynsym)

.dynstr
 *(.dynstr)

.gnu.version
 *(.gnu.version)

.gnu.version_d
 *(.gnu.version_d)

.gnu.version_r
 *(.gnu.version_r)

.rel.init
 *(.rel.init)

.rela.init
 *(.rela.init)

.rel.text
 *(.rel.text)
 *(.rel.text.*)
 *(.rel.gnu.linkonce.t*)

.rela.text
 *(.rela.text)
 *(.rela.text.*)
 *(.rela.gnu.linkonce.t*)

.rel.fini
 *(.rel.fini)

.rela.fini
 *(.rela.fini)

.rel.rodata
 *(.rel.rodata)
 *(.rel.rodata.*)
 *(.rel.gnu.linkonce.r*)

.rela.rodata
 *(.rela.rodata)
 *(.rela.rodata.*)
 *(.rela.gnu.linkonce.r*)

.rel.data
 *(.rel.data)
 *(.rel.data.*)
 *(.rel.gnu.linkonce.d*)

.rela.data
 *(.rela.data)
 *(.rela.data.*)
 *(.rela.gnu.linkonce.d*)

.rel.ctors
 *(.rel.ctors)

.rela.ctors
 *(.rela.ctors)

.rel.dtors
 *(.rel.dtors)

.rela.dtors
 *(.rela.dtors)

.rel.got
 *(.rel.got)

.rela.got
 *(.rela.got)

.rel.bss
 *(.rel.bss)

.rela.bss
 *(.rela.bss)

.rel.plt
 *(.rel.plt)

.rela.plt
 *(.rela.plt)

.text           0x00000000     0x18f6
 *(.vectors)
 .vectors       0x00000000       0x68 /usr/lib/gcc/avr/4.9.2/../../../avr/lib/avr5/crtatmega328.o
                0x00000000                __vectors
                0x00000000                __vector_default
 *(.vectors)
 *(.progmem.gcc*)
                0x00000068                . = ALIGN (0x2)
                0x00000068                __trampolines_start = .
 *(.trampolines)
 .trampolines   0x00000068        0x0 linker stubs
 *(.trampolines*)
                0x00000068                __trampolines_end = .
 *libprintf_flt.a:*(.progmem.data)
 *libc.a:*(.progmem.data)
 *(.progmem*)
 .progmem.data  0x00000068       0x85 main.o
 .progmem.data  0x000000ed       0x80 hardware/AFSK.o
 .progmem.data  0x0000016d      0x200 util/CRC-CCIT.o
                0x0000016d                crc_ccit_table
                0x0000036e                . = ALIGN (0x2)
 *fill*         0x0000036d        0x1 
 *(.jumptables)
 *(.jumptables*)
 *(.lowtext)
 *(.lowtext*)
                0x0000036e                __ctors_start = .
 *(.ctors)
                0x0000036e                __ctors_end = .
                0x0000036e                __dtors_start = .
 *(.dtors)
                0x0000036e                __dtors_end = .
 SORT(*)(.ctors)
 SORT(*)(.dtors)
 *(.init0)
 .init0         0x0000036e        0x0 /usr/lib/gcc/avr/4.9.2/../../../avr/lib/avr5/crtatmega328.o
                0x0000036e                __init
 *(.init0)
 *(.init1)
 *(.init1)
 *(.init2)
 .init2         0x0000036e        0xc /usr/lib/gcc/avr/4.9.2/../../../avr/lib/avr5/crtatmega328.o
 *(.init2)
 *(.init3)
 *(.init3)
 *(.init4)
 .init4         0x0000037a       0x16 /usr/lib/gcc/avr/4.9.2/avr5/libgcc.a(_copy_data.o)
                0x0000037a                __do_copy_data
 .init4         0x00000390       0x10 /usr/lib/gcc/avr/4.9.2/avr5/libgcc.a(_clear_bss.o)
                0x00000390                __do_clear_bss
 *(.init4)
 *(.init5)
 *(.init5)
 *(.init6)
 *(.init6)
 *(.init7)
 *(.init7)
 *(.init8)
 *(.init8)
 *(.init9)
 .init9         0x000003a0        0x8 /usr/lib/gcc/avr/4.9.2/../../../avr/lib/avr5/crtatmega328.o
 *(.init9)
 *(.text)
 .text          0x000003a8        0x4 /usr/lib/gcc/avr/4.9.2/../../../avr/lib/avr5/crtatmega328.o
                0x000003a8                __vector_22
                0x000003a8                __vector_1
                0x000003a8                __vector_24
                0x000003a8                __vector_12
                0x000003a8                __bad_interrupt
                0x000003a8                __vector_6
                0x000003a8                __vector_3
                0x000003a8                __vector_23
                0x000003a8                __vector_25
                0x000003a8                __vector_11
                0x000003a8                __vector_13
                0x000003a8                __vector_17
                0x000003a8                __vector_19
                0x000003a8                __vector_7
                0x000003a8                __vector_5
                0x000003a8                __vector_4
                0x000003a8                __vector_9
                0x000003a8                __vector_2
                0x000003a8                __vector_15
                0x000003a8                __vector_8
                0x000003a8                __vector_10
                0x000003a8                __vector_16
                0x000003a8                __vector_18
                0x000003a8                __vector_20
 .text          0x000003ac       0x44 main.o
                0x000003b0                init
 .text          0x000003f0       0xc4 hardware/Serial.o
                0x000003f0                uart0_putchar
                0x000003fe                uart0_getchar
                0x0000040c                serial_init
                0x0000048e                serial_available
                0x000004a2                uart0_getchar_nowait
 .text          0x000004b4      0x9d4 hardware/AFSK.o
                0x000004b4                afsk_putchar
                0x000005dc                afsk_getchar
                0x0000063c                AFSK_hw_refDetect
                0x00000642                AFSK_hw_init
                0x00000696                AFSK_init
                0x000007ae                AFSK_transmit
                0x000007e6                AFSK_dac_isr
                0x00000a1c                AFSK_adc_isr
                0x00000de0                __vector_21
 .text          0x00000e88        0x0 util/CRC-CCIT.o
 .text          0x00000e88      0x2a0 protocol/AX25.o
                0x00000f10                ax25_init
                0x00000f40                ax25_poll
                0x0000108a                ax25_sendRaw
 .text          0x00001128      0x302 protocol/KISS.o
                0x00001128                kiss_init
                0x00001142                kiss_messageCallback
                0x000011f0                kiss_csma
                0x000012fc                kiss_serialCallback
 .text          0x0000142a        0x0 protocol/SimpleSerial.o
 .text          0x0000142a      0x210 hardware/softuart.o
                0x0000142a                __vector_14
                0x00001548                softuart_init
                0x00001578                softuart_turn_rx_on
                0x0000157e                softuart_turn_rx_off
                0x00001586                softuart_getchar
                0x000015ae                softuart_kbhit
                0x000015c0                softuart_flush_input_buffer
                0x000015ca                softuart_transmit_busy
                0x000015d8                softuart_putchar
                0x00001604                softuart_puts
                0x0000161c                softuart_puts_p
 .text          0x0000163a        0x0 /usr/lib/gcc/avr/4.9.2/avr5/libgcc.a(_udivmodsi4.o)
 .text          0x0000163a        0x0 /usr/lib/gcc/avr/4.9.2/avr5/libgcc.a(_exit.o)
 .text          0x0000163a        0x0 /usr/lib/gcc/avr/4.9.2/avr5/libgcc.a(_copy_data.o)
 .text          0x0000163a        0x0 /usr/lib/gcc/avr/4.9.2/avr5/libgcc.a(_clear_bss.o)
 .text          0x0000163a        0x0 /usr/lib/gcc/avr/4.9.2/avr5/libgcc.a(_umulhisi3.o)
 .text          0x0000163a        0x0 /usr/lib/gcc/avr/4.9.2/avr5/libgcc.a(_muluhisi3.o)
 .text          0x0000163a        0x0 /usr/lib/gcc/avr/4.9.2/../../../avr/lib/avr5/libc.a(rand.o)
 .text          0x0000163a        0x0 /usr/lib/gcc/avr/4.9.2/../../../avr/lib/avr5/libc.a(fgetc.o)
 .text          0x0000163a        0x0 /usr/lib/gcc/avr/4.9.2/../../../avr/lib/avr5/libc.a(fputc.o)
 .text          0x0000163a        0x0 /usr/lib/gcc/avr/4.9.2/../../../avr/lib/avr5/libc.a(iob.o)
 .text          0x0000163a        0x0 /usr/lib/gcc/avr/4.9.2/avr5/libgcc.a(_divmodsi4.o)
 .text          0x0000163a        0x0 /usr/lib/gcc/avr/4.9.2/avr5/libgcc.a(_negsi2.o)
 .text          0x0000163a        0x0 /usr/lib/gcc/avr/4.9.2/avr5/libgcc.a(_mulshisi3.o)
                0x0000163a                . = ALIGN (0x2)
 *(.text.*)
 .text.startup  0x0000163a       0x4e main.o
                0x0000163a                main
 .text.libgcc.mul
                0x00001688        0x0 /usr/lib/gcc/avr/4.9.2/avr5/libgcc.a(_udivmodsi4.o)
 .text.libgcc.div
                0x00001688       0x44 /usr/lib/gcc/avr/4.9.2/avr5/libgcc.a(_udivmodsi4.o)
                0x00001688                __udivmodsi4
 .text.libgcc   0x000016cc        0x0 /usr/lib/gcc/avr/4.9.2/avr5/libgcc.a(_udivmodsi4.o)
 .text.libgcc.prologue
                0x000016cc        0x0 /usr/lib/gcc/avr/4.9.2/avr5/libgcc.a(_udivmodsi4.o)
 .text.libgcc.builtins
                0x000016cc        0x0 /usr/lib/gcc/avr/4.9.2/avr5/libgcc.a(_udivmodsi4.o)
 .text.libgcc.fmul
                0x000016cc        0x0 /usr/lib/gcc/avr/4.9.2/avr5/libgcc.a(_udivmodsi4.o)
 .text.libgcc.fixed
                0x000016cc        0x0 /usr/lib/gcc/avr/4.9.2/avr5/libgcc.a(_udivmodsi4.o)
 .text.libgcc.mul
                0x000016cc        0x0 /usr/lib/gcc/avr/4.9.2/avr5/libgcc.a(_exit.o)
 .text.libgcc.div
                0x000016cc        0x0 /usr/lib/gcc/avr/4.9.2/avr5/libgcc.a(_exit.o)
 .text.libgcc   0x000016cc        0x0 /usr/lib/gcc/avr/4.9.2/avr5/libgcc.a(_exit.o)
 .text.libgcc.prologue
                0x000016cc        0x0 /usr/lib/gcc/avr/4.9.2/avr5/libgcc.a(_exit.o)
 .text.libgcc.builtins
                0x000016cc        0x0 /usr/lib/gcc/avr/4.9.2/avr5/libgcc.a(_exit.o)
 .text.libgcc.fmul
                0x000016cc        0x0 /usr/lib/gcc/avr/4.9.2/avr5/libgcc.a(_exit.o)
 .text.libgcc.fixed
                0x000016cc        0x0 /usr/lib/gcc/avr/4.9.2/avr5/libgcc.a(_exit.o)
 .text.libgcc.mul
                0x000016cc        0x0 /usr/lib/gcc/avr/4.9.2/avr5/libgcc.a(_copy_data.o)
 .text.libgcc.div
                0x000016cc        0x0 /usr/lib/gcc/avr/4.9.2/avr5/libgcc.a(_copy_data.o)
 .text.libgcc   0x000016cc        0x0 /usr/lib/gcc/avr/4.9.2/avr5/libgcc.a(_copy_data.o)
 .text.libgcc.prologue
                0x000016cc        0x0 /usr/lib/gcc/avr/4.9.2/avr5/libgcc.a(_copy_data.o)
 .text.libgcc.builtins
                0x000016cc        0x0 /usr/lib/gcc/avr/4.9.2/avr5/libgcc.a(_copy_data.o)
 .text.libgcc.fmul
                0x000016cc        0x0 /usr/lib/gcc/avr/4.9.2/avr5/libgcc.a(_copy_data.o)
 .text.libgcc.fixed
                0x000016cc        0x0 /usr/lib/gcc/avr/4.9.2/avr5/libgcc.a(_copy_data.o)
 .text.libgcc.mul
                0x000016cc        0x0 /usr/lib/gcc/avr/4.9.2/avr5/libgcc.a(_clear_bss.o)
 .text.libgcc.div
                0x000016cc        0x0 /usr/lib/gcc/avr/4.9.2/avr5/libgcc.a(_clear_bss.o)
 .text.libgcc   0x000016cc        0x0 /usr/lib/gcc/avr/4.9.2/avr5/libgcc.a(_clear_bss.o)
 .text.libgcc.prologue
                0x000016cc        0x0 /usr/lib/gcc/avr/4.9.2/avr5/libgcc.a(_clear_bss.o)
 .text.libgcc.builtins
                0x000016cc        0x0 /usr/lib/gcc/avr/4.9.2/avr5/libgcc.a(_clear_bss.o)
 .text.libgcc.fmul
                0x000016cc        0x0 /usr/lib/gcc/avr/4.9.2/avr5/libgcc.a(_clear_bss.o)
 .text.libgcc.fixed
                0x000016cc        0x0 /usr/lib/gcc/avr/4.9.2/avr5/libgcc.a(_clear_bss.o)
 .text.libgcc.mul
                0x000016cc       0x1e /usr/lib/gcc/avr/4.9.2/avr5/libgcc.a(_umulhisi3.o)
                0x000016cc                __umulhisi3
 .text.libgcc.div
                0x000016ea        0x0 /usr/lib/gcc/avr/4.9.2/avr5/libgcc.a(_umulhisi3.o)
 .text.libgcc   0x000016ea        0x0 /usr/lib/gcc/avr/4.9.2/avr5/libgcc.a(_umulhisi3.o)
 .text.libgcc.prologue
                0x000016ea        0x0 /usr/lib/gcc/avr/4.9.2/avr5/libgcc.a(_umulhisi3.o)
 .text.libgcc.builtins
                0x000016ea        0x0 /usr/lib/gcc/avr/4.9.2/avr5/libgcc.a(_umulhisi3.o)
 .text.libgcc.fmul
                0x000016ea        0x0 /usr/lib/gcc/avr/4.9.2/avr5/libgcc.a(_umulhisi3.o)
 .text.libgcc.fixed
                0x000016ea        0x0 /usr/lib/gcc/avr/4.9.2/avr5/libgcc.a(_umulhisi3.o)
 .text.libgcc.mul
                0x000016ea       0x16 /usr/lib/gcc/avr/4.9.2/avr5/libgcc.a(_muluhisi3.o)
                0x000016ea                __muluhisi3
 .text.libgcc.div
                0x00001700        0x0 /usr/lib/gcc/avr/4.9.2/avr5/libgcc.a(_muluhisi3.o)
 .text.libgcc   0x00001700        0x0 /usr/lib/gcc/avr/4.9.2/avr5/libgcc.a(_muluhisi3.o)
 .text.libgcc.prologue
                0x00001700        0x0 /usr/lib/gcc/avr/4.9.2/avr5/libgcc.a(_muluhisi3.o)
 .text.libgcc.builtins
                0x00001700        0x0 /usr/lib/gcc/avr/4.9.2/avr5/libgcc.a(_muluhisi3.o)
 .text.libgcc.fmul
                0x00001700        0x0 /usr/lib/gcc/avr/4.9.2/avr5/libgcc.a(_muluhisi3.o)
 .text.libgcc.fixed
                0x00001700        0x0 /usr/lib/gcc/avr/4.9.2/avr5/libgcc.a(_muluhisi3.o)
 .text.avr-libc
                0x00001700       0xb8 /usr/lib/gcc/avr/4.9.2/../../../avr/lib/avr5/libc.a(rand.o)
                0x00001792                rand_r
                0x00001798                rand
                0x000017a2                srand
 .text.avr-libc
                0x000017b8       0x7c /usr/lib/gcc/avr/4.9.2/../../../avr/lib/avr5/libc.a(fgetc.o)
                0x000017b8                fgetc
 .text.avr-libc
                0x00001834       0x70 /usr/lib/gcc/avr/4.9.2/../../../avr/lib/avr5/libc.a(fputc.o)
                0x00001834                fputc
 .text.libgcc.mul
                0x000018a4        0x0 /usr/lib/gcc/avr/4.9.2/avr5/libgcc.a(_divmodsi4.o)
 .text.libgcc.div
                0x000018a4       0x2e /usr/lib/gcc/avr/4.9.2/avr5/libgcc.a(_divmodsi4.o)
                0x000018a4                __divmodsi4
 .text.libgcc   0x000018d2        0x0 /usr/lib/gcc/avr/4.9.2/avr5/libgcc.a(_divmodsi4.o)
 .text.libgcc.prologue
                0x000018d2        0x0 /usr/lib/gcc/avr/4.9.2/avr5/libgcc.a(_divmodsi4.o)
 .text.libgcc.builtins
                0x000018d2        0x0 /usr/lib/gcc/avr/4.9.2/avr5/libgcc.a(_divmodsi4.o)
 .text.libgcc.fmul
                0x000018d2        0x0 /usr/lib/gcc/avr/4.9.2/avr5/libgcc.a(_divmodsi4.o)
 .text.libgcc.fixed
                0x000018d2        0x0 /usr/lib/gcc/avr/4.9.2/avr5/libgcc.a(_divmodsi4.o)
 .text.libgcc.mul
                0x000018d2        0x0 /usr/lib/gcc/avr/4.9.2/avr5/libgcc.a(_negsi2.o)
 .text.libgcc.div
                0x000018d2       0x10 /usr/lib/gcc/avr/4.9.2/avr5/libgcc.a(_negsi2.o)
                0x000018d2                __negsi2
 .text.libgcc   0x000018e2        0x0 /usr/lib/gcc/avr/4.9.2/avr5/libgcc.a(_negsi2.o)
 .text.libgcc.prologue
                0x000018e2        0x0 /usr/lib/gcc/avr/4.9.2/avr5/libgcc.a(_negsi2.o)
 .text.libgcc.builtins
                0x000018e2        0x0 /usr/lib/gcc/avr/4.9.2/avr5/libgcc.a(_negsi2.o)
 .text.libgcc.fmul
                0x000018e2        0x0 /usr/lib/gcc/avr/4.9.2/avr5/libgcc.a(_negsi2.o)
 .text.libgcc.fixed
                0x000018e2        0x0 /usr/lib/gcc/avr/4.9.2/avr5/libgcc.a(_negsi2.o)
 .text.libgcc.mul
                0x000018e2       0x10 /usr/lib/gcc/avr/4.9.2/avr5/libgcc.a(_mulshisi3.o)
                0x000018e2                __mulshisi3
                0x000018e8                __mulohisi3
 .text.libgcc.div
                0x000018f2        0x0 /usr/lib/gcc/avr/4.9.2/avr5/libgcc.a(_mulshisi3.o)
 .text.libgcc   0x000018f2        0x0 /usr/lib/gcc/avr/4.9.2/avr5/libgcc.a(_mulshisi3.o)
 .text.libgcc.prologue
                0x000018f2        0x0 /usr/lib/gcc/avr/4.9.2/avr5/libgcc.a(_mulshisi3.o)
 .text.libgcc.builtins
                0x000018f2        0x0 /usr/lib/gcc/avr/4.9.2/avr5/libgcc.a(_mulshisi3.o)
 .text.libgcc.fmul
                0x000018f2        0x0 /usr/lib/gcc/avr/4.9.2/avr5/libgcc.a(_mulshisi3.o)
 .text.libgcc.fixed
                0x000018f2        0x0 /usr/lib/gcc/avr/4.9.2/avr5/libgcc.a(_mulshisi3.o)
                0x000018f2                . = ALIGN (0x2)
 *(.fini9)
 .fini9         0x000018f2        0x0 /usr/lib/gcc/avr/4.9.2/avr5/libgcc.a(_exit.o)
                0x000018f2                exit
                0x000018f2                _exit
 *(.fini9)
 *(.fini8)
 *(.fini8)
 *(.fini7)
 *(.fini7)
 *(.fini6)
 *(.fini6)
 *(.fini5)
 *(.fini5)
 *(.fini4)
 *(.fini4)
 *(.fini3)
 *(.fini3)
 *(.fini2)
 *(.fini2)
 *(.fini1)
 *(.fini1)
 *(.fini0)
 .fini0         0x000018f2        0x4 /usr/lib/gcc/avr/4.9.2/avr5/libgcc.a(_exit.o)
 *(.fini0)
                0x000018f6                _etext = .

.data           0x00800100       0x18 load address 0x000018f6
                0x00800100                PROVIDE (__data_start, .)
 *(.data)
 .data          0x00800100        0x0 /usr/lib/gcc/avr/4.9.2/../../../avr/lib/avr5/crtatmega328.o
 .data          0x00800100        0x0 main.o
 .data          0x00800100        0x0 hardware/Serial.o
 .data          0x00800100        0x0 hardware/AFSK.o
 .data          0x00800100        0x0 util/CRC-CCIT.o
 .data          0x00800100        0x0 protocol/AX25.o
 .data          0x00800100        0xe protocol/KISS.o
                0x00800100                p
                0x00800101                slotTime
                0x00800105                custom_tail
                0x00800109                custom_preamble
                0x0080010d                command
 .data          0x0080010e        0x0 protocol/SimpleSerial.o
 .data          0x0080010e        0x0 hardware/softuart.o
 .data          0x0080010e        0x0 /usr/lib/gcc/avr/4.9.2/avr5/libgcc.a(_udivmodsi4.o)
 .data          0x0080010e        0x0 /usr/lib/gcc/avr/4.9.2/avr5/libgcc.a(_exit.o)
 .data          0x0080010e        0x0 /usr/lib/gcc/avr/4.9.2/avr5/libgcc.a(_copy_data.o)
 .data          0x0080010e        0x0 /usr/lib/gcc/avr/4.9.2/avr5/libgcc.a(_clear_bss.o)
 .data          0x0080010e        0x0 /usr/lib/gcc/avr/4.9.2/avr5/libgcc.a(_umulhisi3.o)
 .data          0x0080010e        0x0 /usr/lib/gcc/avr/4.9.2/avr5/libgcc.a(_muluhisi3.o)
 .data          0x0080010e        0x4 /usr/lib/gcc/avr/4.9.2/../../../avr/lib/avr5/libc.a(rand.o)
 .data          0x00800112        0x0 /usr/lib/gcc/avr/4.9.2/../../../avr/lib/avr5/libc.a(fgetc.o)
 .data          0x00800112        0x0 /usr/lib/gcc/avr/4.9.2/../../../avr/lib/avr5/libc.a(fputc.o)
 .data          0x00800112        0x0 /usr/lib/gcc/avr/4.9.2/../../../avr/lib/avr5/libc.a(iob.o)
 .data          0x00800112        0x0 /usr/lib/gcc/avr/4.9.2/avr5/libgcc.a(_divmodsi4.o)
 .data          0x00800112        0x0 /usr/lib/gcc/avr/4.9.2/avr5/libgcc.a(_negsi2.o)
 .data          0x00800112        0x0 /usr/lib/gcc/avr/4.9.2/avr5/libgcc.a(_mulshisi3.o)
 *(.data*)
 *(.rodata)
 *(.rodata*)
 .rodata.str1.1
                0x00800112        0x5 main.o
 *(.gnu.linkonce.d*)
                0x00800118                . = ALIGN (0x2)
 *fill*         0x00800117        0x1 
                0x00800118                _edata = .
                0x00800118                PROVIDE (__data_end, .)

.bss            0x00800118      0x758
                0x00800118                PROVIDE (__bss_start, .)
 *(.bss)
 .bss           0x00800118        0x0 /usr/lib/gcc/avr/4.9.2/../../../avr/lib/avr5/crtatmega328.o
 .bss           0x00800118        0x0 main.o
 .bss           0x00800118        0x0 hardware/Serial.o
 .bss           0x00800118        0x2 hardware/AFSK.o
                0x00800118                hw_5v_ref
                0x00800119                hw_afsk_dac_isr
 .bss           0x0080011a        0x0 util/CRC-CCIT.o
 .bss           0x0080011a        0x0 protocol/AX25.o
 .bss           0x0080011a      0x318 protocol/KISS.o
 .bss           0x00800432        0x0 protocol/SimpleSerial.o
 .bss           0x00800432       0x2e hardware/softuart.o
 .bss           0x00800460        0x0 /usr/lib/gcc/avr/4.9.2/avr5/libgcc.a(_udivmodsi4.o)
 .bss           0x00800460        0x0 /usr/lib/gcc/avr/4.9.2/avr5/libgcc.a(_exit.o)
 .bss           0x00800460        0x0 /usr/lib/gcc/avr/4.9.2/avr5/libgcc.a(_copy_data.o)
 .bss           0x00800460        0x0 /usr/lib/gcc/avr/4.9.2/avr5/libgcc.a(_clear_bss.o)
 .bss           0x00800460        0x0 /usr/lib/gcc/avr/4.9.2/avr5/libgcc.a(_umulhisi3.o)
 .bss           0x00800460        0x0 /usr/lib/gcc/avr/4.9.2/avr5/libgcc.a(_muluhisi3.o)
 .bss           0x00800460        0x0 /usr/lib/gcc/avr/4.9.2/../../../avr/lib/avr5/libc.a(rand.o)
 .bss           0x00800460        0x0 /usr/lib/gcc/avr/4.9.2/../../../avr/lib/avr5/libc.a(fgetc.o)
 .bss           0x00800460        0x0 /usr/lib/gcc/avr/4.9.2/../../../avr/lib/avr5/libc.a(fputc.o)
 .bss           0x00800460        0x0 /usr/lib/gcc/avr/4.9.2/../../../avr/lib/avr5/libc.a(iob.o)
 .bss           0x00800460        0x0 /usr/lib/gcc/avr/4.9.2/avr5/libgcc.a(_divmodsi4.o)
 .bss           0x00800460        0x0 /usr/lib/gcc/avr/4.9.2/avr5/libgcc.a(_negsi2.o)
 .bss           0x00800460        0x0 /usr/lib/gcc/avr/4.9.2/avr5/libgcc.a(_mulshisi3.o)
 *(.bss*)
 *(COMMON)
 COMMON         0x00800460      0x400 main.o
                0x00800460                modem
                0x0080052a                _clock
                0x0080052e                serial
                0x0080053c                AX25
 COMMON         0x00800860        0x2 hardware/AFSK.o
                0x00800860                AFSK_modem
 COMMON         0x00800862        0x8 protocol/KISS.o
                0x00800862                ESCAPE
                0x00800863                ax25ctx
                0x00800865                channel
                0x00800867                IN_FRAME
                0x00800868                frame_len
 COMMON         0x0080086a        0x6 /usr/lib/gcc/avr/4.9.2/../../../avr/lib/avr5/libc.a(iob.o)
                0x0080086a                __iob
                0x00800870                PROVIDE (__bss_end, .)
                0x000018f6                __data_load_start = LOADADDR (.data)
                0x0000190e                __data_load_end = (__data_load_start + SIZEOF (.data))

.noinit         0x00800870        0x0
                [!provide]                PROVIDE (__noinit_start, .)
 *(.noinit*)
                [!provide]                PROVIDE (__noinit_end, .)
                0x00800870                _end = .
                [!provide]                PROVIDE (__heap_start, .)

.eeprom         0x00810000        0x0
 *(.eeprom*)
                0x00810000                __eeprom_end = .

.fuse
 *(.fuse)
 *(.lfuse)
 *(.hfuse)
 *(.efuse)

.lock
 *(.lock*)

.signature
 *(.signature*)

.user_signatures
 *(.user_signatures*)

.stab           0x00000000     0x4524
 *(.stab)
 .stab          0x00000000      0x864 main.o
 .stab          0x00000864      0x54c hardware/Serial.o
                                0x780 (size before relaxing)
 .stab          0x00000db0     0x1560 hardware/AFSK.o
                               0x17dc (size before relaxing)
 .stab          0x00002310      0x2dc util/CRC-CCIT.o
                                0x4bc (size before relaxing)
 .stab          0x000025ec      0x840 protocol/AX25.o
                                0xad4 (size before relaxing)
 .stab          0x00002e2c      0xa74 protocol/KISS.o
                                0xcf0 (size before relaxing)
 .stab          0x000038a0      0x264 protocol/SimpleSerial.o
                                0x270 (size before relaxing)
 .stab          0x00003b04      0xa20 hardware/softuart.o
                                0xc0c (size before relaxing)

.stabstr        0x00000000     0x2664
 *(.stabstr)
 .stabstr       0x00000000     0x2664 main.o

.stab.excl
 *(.stab.excl)

.stab.exclstr
 *(.stab.exclstr)

.stab.index
 *(.stab.index)

.stab.indexstr
 *(.stab.indexstr)

.comment        0x00000000       0x11
 *(.comment)
 .comment       0x00000000       0x11 main.o
                                 0x12 (size before relaxing)
 .comment       0x00000011       0x12 hardware/Serial.o
 .comment       0x00000011       0x12 hardware/AFSK.o
 .comment       0x00000011       0x12 util/CRC-CCIT.o
 .comment       0x00000011       0x12 protocol/AX25.o
 .comment       0x00000011       0x12 protocol/KISS.o
 .comment       0x00000011       0x12 protocol/SimpleSerial.o
 .comment       0x00000011       0x12 hardware/softuart.o
 .comment       0x00000011       0x12 /usr/lib/gcc/avr/4.9.2/../../../avr/lib/avr5/libc.a(rand.o)
 .comment       0x00000011       0x12 /usr/lib/gcc/avr/4.9.2/../../../avr/lib/avr5/libc.a(fgetc.o)
 .comment       0x00000011       0x12 /usr/lib/gcc/avr/4.9.2/../../../avr/lib/avr5/libc.a(fputc.o)
 .comment       0x00000011       0x12 /usr/lib/gcc/avr/4.9.2/../../../avr/lib/avr5/libc.a(iob.o)

.note.gnu.avr.deviceinfo
                0x00000000       0x3c
 .note.gnu.avr.deviceinfo
                0x00000000       0x3c /usr/lib/gcc/avr/4.9.2/../../../avr/lib/avr5/crtatmega328.o

.note.gnu.build-id
 *(.note.gnu.build-id)

.debug
 *(.debug)

.line
 *(.line)

.debug_srcinfo
 *(.debug_srcinfo)

.debug_sfnames
 *(.debug_sfnames)

.debug_aranges
 *(.debug_aranges)

.debug_pubnames
 *(.debug_pubnames)

.debug_info
 *(.debug_info .gnu.linkonce.wi.*)

.debug_abbrev
 *(.debug_abbrev)

.debug_line
 *(.debug_line .debug_line.* .debug_line_end)

.debug_frame
 *(.debug_frame)

.debug_str
 *(.debug_str)

.debug_loc
 *(.debug_loc)

.debug_macinfo
 *(.debug_macinfo)

.debug_weaknames
 *(.debug_weaknames)

.debug_funcnames
 *(.debug_funcnames)

.debug_typenames
 *(.debug_typenames)

.debug_varnames
 *(.debug_varnames)

.debug_pubtypes
 *(.debug_pubtypes)

.debug_ranges
 *(.debug_ranges)

.debug_macro
 *(.debug_macro)
OUTPUT(images/MicroAPRS.elf elf32-avr)
LOAD linker stubs

Cross Reference Table

Symbol                                            File
AFSK_adc_isr                                      hardware/AFSK.o
AFSK_dac_isr                                      hardware/AFSK.o
AFSK_hw_init                                      hardware/AFSK.o
AFSK_hw_refDetect                                 hardware/AFSK.o
AFSK_init                                         hardware/AFSK.o
                                                  main.o
AFSK_modem                                        hardware/AFSK.o
AFSK_transmit                                     hardware/AFSK.o
AX25                                              main.o
ESCAPE                                            protocol/KISS.o
IN_FRAME                                          protocol/KISS.o
__bad_interrupt                                   /usr/lib/gcc/avr/4.9.2/../../../avr/lib/avr5/crtatmega328.o
__bss_end                                         /usr/lib/gcc/avr/4.9.2/avr5/libgcc.a(_clear_bss.o)
__bss_start                                       /usr/lib/gcc/avr/4.9.2/avr5/libgcc.a(_clear_bss.o)
__data_end                                        /usr/lib/gcc/avr/4.9.2/avr5/libgcc.a(_copy_data.o)
__data_load_start                                 /usr/lib/gcc/avr/4.9.2/avr5/libgcc.a(_copy_data.o)
__data_start                                      /usr/lib/gcc/avr/4.9.2/avr5/libgcc.a(_copy_data.o)
__divmodsi4                                       /usr/lib/gcc/avr/4.9.2/avr5/libgcc.a(_divmodsi4.o)
                                                  /usr/lib/gcc/avr/4.9.2/../../../avr/lib/avr5/libc.a(rand.o)
__do_clear_bss                                    /usr/lib/gcc/avr/4.9.2/avr5/libgcc.a(_clear_bss.o)
                                                  /usr/lib/gcc/avr/4.9.2/../../../avr/lib/avr5/libc.a(iob.o)
                                                  hardware/softuart.o
                                                  protocol/KISS.o
                                                  protocol/AX25.o
                                                  hardware/AFSK.o
                                                  main.o
__do_copy_data                                    /usr/lib/gcc/avr/4.9.2/avr5/libgcc.a(_copy_data.o)
                                                  /usr/lib/gcc/avr/4.9.2/../../../avr/lib/avr5/libc.a(rand.o)
                                                  protocol/KISS.o
                                                  main.o
__heap_end                                        /usr/lib/gcc/avr/4.9.2/../../../avr/lib/avr5/crtatmega328.o
__init                                            /usr/lib/gcc/avr/4.9.2/../../../avr/lib/avr5/crtatmega328.o
__iob                                             /usr/lib/gcc/avr/4.9.2/../../../avr/lib/avr5/libc.a(iob.o)
                                                  main.o
__mulohisi3                                       /usr/lib/gcc/avr/4.9.2/avr5/libgcc.a(_mulshisi3.o)
                                                  /usr/lib/gcc/avr/4.9.2/../../../avr/lib/avr5/libc.a(rand.o)
__mulshisi3                                       /usr/lib/gcc/avr/4.9.2/avr5/libgcc.a(_mulshisi3.o)
__muluhisi3                                       /usr/lib/gcc/avr/4.9.2/avr5/libgcc.a(_muluhisi3.o)
                                                  /usr/lib/gcc/avr/4.9.2/avr5/libgcc.a(_mulshisi3.o)
                                                  /usr/lib/gcc/avr/4.9.2/../../../avr/lib/avr5/libc.a(rand.o)
                                                  protocol/KISS.o
                                                  hardware/AFSK.o
__negsi2                                          /usr/lib/gcc/avr/4.9.2/avr5/libgcc.a(_negsi2.o)
                                                  /usr/lib/gcc/avr/4.9.2/avr5/libgcc.a(_divmodsi4.o)
__stack                                           /usr/lib/gcc/avr/4.9.2/../../../avr/lib/avr5/crtatmega328.o
__udivmodsi4                                      /usr/lib/gcc/avr/4.9.2/avr5/libgcc.a(_udivmodsi4.o)
                                                  /usr/lib/gcc/avr/4.9.2/avr5/libgcc.a(_divmodsi4.o)
                                                  hardware/AFSK.o
__umulhisi3                                       /usr/lib/gcc/avr/4.9.2/avr5/libgcc.a(_umulhisi3.o)
                                                  /usr/lib/gcc/avr/4.9.2/avr5/libgcc.a(_muluhisi3.o)
                                                  protocol/KISS.o
__vector_1                                        /usr/lib/gcc/avr/4.9.2/../../../avr/lib/avr5/crtatmega328.o
__vector_10                                       /usr/lib/gcc/avr/4.9.2/../../../avr/lib/avr5/crtatmega328.o
__vector_11                                       /usr/lib/gcc/avr/4.9.2/../../../avr/lib/avr5/crtatmega328.o
__vector_12                                       /usr/lib/gcc/avr/4.9.2/../../../avr/lib/avr5/crtatmega328.o
__vector_13                                       /usr/lib/gcc/avr/4.9.2/../../../avr/lib/avr5/crtatmega328.o
__vector_14                                       hardware/softuart.o
                                                  /usr/lib/gcc/avr/4.9.2/../../../avr/lib/avr5/crtatmega328.o
__vector_15                                       /usr/lib/gcc/avr/4.9.2/../../../avr/lib/avr5/crtatmega328.o
__vector_16                                       /usr/lib/gcc/avr/4.9.2/../../../avr/lib/avr5/crtatmega328.o
__vector_17                                       /usr/lib/gcc/avr/4.9.2/../../../avr/lib/avr5/crtatmega328.o
__vector_18                                       /usr/lib/gcc/avr/4.9.2/../../../avr/lib/avr5/crtatmega328.o
__vector_19                                       /usr/lib/gcc/avr/4.9.2/../../../avr/lib/avr5/crtatmega328.o
__vector_2                                        /usr/lib/gcc/avr/4.9.2/../../../avr/lib/avr5/crtatmega328.o
__vector_20                                       /usr/lib/gcc/avr/4.9.2/../../../avr/lib/avr5/crtatmega328.o
__vector_21                                       hardware/AFSK.o
                                                  /usr/lib/gcc/avr/4.9.2/../../../avr/lib/avr5/crtatmega328.o
__vector_22                                       /usr/lib/gcc/avr/4.9.2/../../../avr/lib/avr5/crtatmega328.o
__vector_23                                       /usr/lib/gcc/avr/4.9.2/../../../avr/lib/avr5/crtatmega328.o
__vector_24                                       /usr/lib/gcc/avr/4.9.2/../../../avr/lib/avr5/crtatmega328.o
__vector_25                                       /usr/lib/gcc/avr/4.9.2/../../../avr/lib/avr5/crtatmega328.o
__vector_3                                        /usr/lib/gcc/avr/4.9.2/../../../avr/lib/avr5/crtatmega328.o
__vector_4                                        /usr/lib/gcc/avr/4.9.2/../../../avr/lib/avr5/crtatmega328.o
__vector_5                                        /usr/lib/gcc/avr/4.9.2/../../../avr/lib/avr5/crtatmega328.o
__vector_6                                        /usr/lib/gcc/avr/4.9.2/../../../avr/lib/avr5/crtatmega328.o
__vector_7                                        /usr/lib/gcc/avr/4.9.2/../../../avr/lib/avr5/crtatmega328.o
__vector_8                                        /usr/lib/gcc/avr/4.9.2/../../../avr/lib/avr5/crtatmega328.o
__vector_9                                        /usr/lib/gcc/avr/4.9.2/../../../avr/lib/avr5/crtatmega328.o
__vector_default                                  /usr/lib/gcc/avr/4.9.2/../../../avr/lib/avr5/crtatmega328.o
__vectors                                         /usr/lib/gcc/avr/4.9.2/../../../avr/lib/avr5/crtatmega328.o
_clock                                            protocol/KISS.o
                                                  protocol/AX25.o
                                                  hardware/AFSK.o
                                                  main.o
_exit                                             /usr/lib/gcc/avr/4.9.2/avr5/libgcc.a(_exit.o)
afsk_getchar                                      hardware/AFSK.o
afsk_putchar                                      hardware/AFSK.o
ax25_init                                         protocol/AX25.o
                                                  main.o
ax25_poll                                         protocol/AX25.o
                                                  protocol/KISS.o
                                                  main.o
ax25_sendRaw                                      protocol/AX25.o
                                                  protocol/KISS.o
ax25ctx                                           protocol/KISS.o
channel                                           protocol/KISS.o
command                                           protocol/KISS.o
crc_ccit_table                                    util/CRC-CCIT.o
                                                  protocol/AX25.o
custom_preamble                                   protocol/KISS.o
                                                  hardware/AFSK.o
custom_tail                                       protocol/KISS.o
                                                  hardware/AFSK.o
exit                                              /usr/lib/gcc/avr/4.9.2/avr5/libgcc.a(_exit.o)
                                                  /usr/lib/gcc/avr/4.9.2/../../../avr/lib/avr5/crtatmega328.o
fgetc                                             /usr/lib/gcc/avr/4.9.2/../../../avr/lib/avr5/libc.a(fgetc.o)
                                                  protocol/AX25.o
fputc                                             /usr/lib/gcc/avr/4.9.2/../../../avr/lib/avr5/libc.a(fputc.o)
                                                  protocol/KISS.o
                                                  protocol/AX25.o
frame_len                                         protocol/KISS.o
hw_5v_ref                                         hardware/AFSK.o
hw_afsk_dac_isr                                   hardware/AFSK.o
init                                              main.o
kiss_csma                                         protocol/KISS.o
kiss_init                                         protocol/KISS.o
                                                  main.o
kiss_messageCallback                              protocol/KISS.o
                                                  main.o
kiss_serialCallback                               protocol/KISS.o
                                                  main.o
main                                              main.o
                                                  /usr/lib/gcc/avr/4.9.2/../../../avr/lib/avr5/crtatmega328.o
modem                                             main.o
p                                                 protocol/KISS.o
rand                                              /usr/lib/gcc/avr/4.9.2/../../../avr/lib/avr5/libc.a(rand.o)
                                                  protocol/KISS.o
rand_r                                            /usr/lib/gcc/avr/4.9.2/../../../avr/lib/avr5/libc.a(rand.o)
serial                                            protocol/KISS.o
                                                  main.o
serial_available                                  hardware/Serial.o
                                                  main.o
serial_init                                       hardware/Serial.o
                                                  main.o
slotTime                                          protocol/KISS.o
softuart_flush_input_buffer                       hardware/softuart.o
softuart_getchar                                  hardware/softuart.o
softuart_init                                     hardware/softuart.o
                                                  main.o
softuart_kbhit                                    hardware/softuart.o
softuart_putchar                                  hardware/softuart.o
softuart_puts                                     hardware/softuart.o
                                                  main.o
softuart_puts_p                                   hardware/softuart.o
                                                  main.o
softuart_transmit_busy                            hardware/softuart.o
softuart_turn_rx_off                              hardware/softuart.o
softuart_turn_rx_on                               hardware/softuart.o
                                                  main.o
srand                                             /usr/lib/gcc/avr/4.9.2/../../../avr/lib/avr5/libc.a(rand.o)
uart0_getchar                                     hardware/Serial.o
uart0_getchar_nowait                              hardware/Serial.o
                                                  main.o
uart0_putchar                                     hardware/Serial.o
